TimeQuest Timing Analyzer report for OrionCOM-AY
Fri Feb  5 16:21:32 2021
Quartus II 32-bit Version 13.0.1 Build 232 06/12/2013 Service Pack 1 SJ Web Edition


---------------------
; Table of Contents ;
---------------------
  1. Legal Notice
  2. TimeQuest Timing Analyzer Summary
  3. Parallel Compilation
  4. Clocks
  5. Fmax Summary
  6. Setup Summary
  7. Hold Summary
  8. Recovery Summary
  9. Removal Summary
 10. Minimum Pulse Width Summary
 11. Setup: 'clk'
 12. Hold: 'clk'
 13. Minimum Pulse Width: 'clk'
 14. Clock to Output Times
 15. Minimum Clock to Output Times
 16. Propagation Delay
 17. Minimum Propagation Delay
 18. Setup Transfers
 19. Hold Transfers
 20. Report TCCS
 21. Report RSKM
 22. Unconstrained Paths
 23. TimeQuest Timing Analyzer Messages



----------------
; Legal Notice ;
----------------
Copyright (C) 1991-2013 Altera Corporation
Your use of Altera Corporation's design tools, logic functions 
and other software and tools, and its AMPP partner logic 
functions, and any output files from any of the foregoing 
(including device programming or simulation files), and any 
associated documentation or information are expressly subject 
to the terms and conditions of the Altera Program License 
Subscription Agreement, Altera MegaCore Function License 
Agreement, or other applicable license agreement, including, 
without limitation, that your use is for the sole purpose of 
programming logic devices manufactured by Altera and sold by 
Altera or its authorized distributors.  Please refer to the 
applicable agreement for further details.



+----------------------------------------------------------------------------------------+
; TimeQuest Timing Analyzer Summary                                                      ;
+--------------------+-------------------------------------------------------------------+
; Quartus II Version ; Version 13.0.1 Build 232 06/12/2013 Service Pack 1 SJ Web Edition ;
; Revision Name      ; OrionCOM-AY                                                       ;
; Device Family      ; MAX7000S                                                          ;
; Device Name        ; EPM7064STC44-7                                                    ;
; Timing Models      ; Final                                                             ;
; Delay Model        ; Slow Model                                                        ;
; Rise/Fall Delays   ; Unavailable                                                       ;
+--------------------+-------------------------------------------------------------------+


Parallel compilation was disabled, but you have multiple processors available. Enable parallel compilation to reduce compilation time.
+-------------------------------------+
; Parallel Compilation                ;
+----------------------------+--------+
; Processors                 ; Number ;
+----------------------------+--------+
; Number detected on machine ; 8      ;
; Maximum allowed            ; 1      ;
+----------------------------+--------+


+---------------------------------------------------------------------------------------------------------------------------------------------------------------------------------+
; Clocks                                                                                                                                                                          ;
+------------+------+--------+------------+-------+-------+------------+-----------+-------------+-------+--------+-----------+------------+----------+--------+--------+---------+
; Clock Name ; Type ; Period ; Frequency  ; Rise  ; Fall  ; Duty Cycle ; Divide by ; Multiply by ; Phase ; Offset ; Edge List ; Edge Shift ; Inverted ; Master ; Source ; Targets ;
+------------+------+--------+------------+-------+-------+------------+-----------+-------------+-------+--------+-----------+------------+----------+--------+--------+---------+
; clk        ; Base ; 1.000  ; 1000.0 MHz ; 0.000 ; 0.500 ;            ;           ;             ;       ;        ;           ;            ;          ;        ;        ; { clk } ;
+------------+------+--------+------------+-------+-------+------------+-----------+-------------+-------+--------+-----------+------------+----------+--------+--------+---------+


+--------------------------------------------------+
; Fmax Summary                                     ;
+------------+-----------------+------------+------+
; Fmax       ; Restricted Fmax ; Clock Name ; Note ;
+------------+-----------------+------------+------+
; 113.64 MHz ; 113.64 MHz      ; clk        ;      ;
+------------+-----------------+------------+------+
This panel reports FMAX for every clock in the design, regardless of the user-specified clock periods.  FMAX is only computed for paths where the source and destination registers or ports are driven by the same clock.  Paths of different clocks, including generated clocks, are ignored.  For paths between a clock and its inversion, FMAX is computed as if the rising and falling edges are scaled along with FMAX, such that the duty cycle (in terms of a percentage) is maintained. Altera recommends that you always use clock constraints and other slack reports for sign-off analysis.


+--------------------------------+
; Setup Summary                  ;
+-------+--------+---------------+
; Clock ; Slack  ; End Point TNS ;
+-------+--------+---------------+
; clk   ; -7.800 ; -77.800       ;
+-------+--------+---------------+


+-------------------------------+
; Hold Summary                  ;
+-------+-------+---------------+
; Clock ; Slack ; End Point TNS ;
+-------+-------+---------------+
; clk   ; 3.000 ; 0.000         ;
+-------+-------+---------------+


--------------------
; Recovery Summary ;
--------------------
No paths to report.


-------------------
; Removal Summary ;
-------------------
No paths to report.


+--------------------------------+
; Minimum Pulse Width Summary    ;
+-------+--------+---------------+
; Clock ; Slack  ; End Point TNS ;
+-------+--------+---------------+
; clk   ; -2.500 ; -55.000       ;
+-------+--------+---------------+


+--------------------------------------------------------------------------------------------------------------------------------------+
; Setup: 'clk'                                                                                                                         ;
+--------+---------------------------+---------------------------+--------------+-------------+--------------+------------+------------+
; Slack  ; From Node                 ; To Node                   ; Launch Clock ; Latch Clock ; Relationship ; Clock Skew ; Data Delay ;
+--------+---------------------------+---------------------------+--------------+-------------+--------------+------------+------------+
; -7.800 ; AyClkDiv:ayClkDiv|sum[7]  ; AyClkDiv:ayClkDiv|sum[9]  ; clk          ; clk         ; 1.000        ; 0.000      ; 5.800      ;
; -7.800 ; AyClkDiv:ayClkDiv|sum[8]  ; AyClkDiv:ayClkDiv|sum[9]  ; clk          ; clk         ; 1.000        ; 0.000      ; 5.800      ;
; -7.000 ; ViClkDiv:viClkDiv|div1[0] ; ViClkDiv:viClkDiv|div1[0] ; clk          ; clk         ; 1.000        ; 0.000      ; 5.000      ;
; -7.000 ; ViClkDiv:viClkDiv|div1[1] ; ViClkDiv:viClkDiv|div1[1] ; clk          ; clk         ; 1.000        ; 0.000      ; 5.000      ;
; -7.000 ; ViClkDiv:viClkDiv|div1[0] ; ViClkDiv:viClkDiv|div1[1] ; clk          ; clk         ; 1.000        ; 0.000      ; 5.000      ;
; -7.000 ; AyClkDiv:ayClkDiv|sum[1]  ; AyClkDiv:ayClkDiv|sum[1]  ; clk          ; clk         ; 1.000        ; 0.000      ; 5.000      ;
; -7.000 ; ViClkDiv:viClkDiv|div1[0] ; AyClkDiv:ayClkDiv|sum[1]  ; clk          ; clk         ; 1.000        ; 0.000      ; 5.000      ;
; -7.000 ; AyClkDiv:ayClkDiv|sum[2]  ; AyClkDiv:ayClkDiv|sum[2]  ; clk          ; clk         ; 1.000        ; 0.000      ; 5.000      ;
; -7.000 ; AyClkDiv:ayClkDiv|sum[1]  ; AyClkDiv:ayClkDiv|sum[2]  ; clk          ; clk         ; 1.000        ; 0.000      ; 5.000      ;
; -7.000 ; ViClkDiv:viClkDiv|div1[0] ; AyClkDiv:ayClkDiv|sum[2]  ; clk          ; clk         ; 1.000        ; 0.000      ; 5.000      ;
; -7.000 ; AyClkDiv:ayClkDiv|sum[3]  ; AyClkDiv:ayClkDiv|sum[3]  ; clk          ; clk         ; 1.000        ; 0.000      ; 5.000      ;
; -7.000 ; AyClkDiv:ayClkDiv|sum[2]  ; AyClkDiv:ayClkDiv|sum[3]  ; clk          ; clk         ; 1.000        ; 0.000      ; 5.000      ;
; -7.000 ; AyClkDiv:ayClkDiv|sum[1]  ; AyClkDiv:ayClkDiv|sum[3]  ; clk          ; clk         ; 1.000        ; 0.000      ; 5.000      ;
; -7.000 ; ViClkDiv:viClkDiv|div1[0] ; AyClkDiv:ayClkDiv|sum[3]  ; clk          ; clk         ; 1.000        ; 0.000      ; 5.000      ;
; -7.000 ; AyClkDiv:ayClkDiv|sum[4]  ; AyClkDiv:ayClkDiv|sum[4]  ; clk          ; clk         ; 1.000        ; 0.000      ; 5.000      ;
; -7.000 ; AyClkDiv:ayClkDiv|sum[3]  ; AyClkDiv:ayClkDiv|sum[4]  ; clk          ; clk         ; 1.000        ; 0.000      ; 5.000      ;
; -7.000 ; AyClkDiv:ayClkDiv|sum[2]  ; AyClkDiv:ayClkDiv|sum[4]  ; clk          ; clk         ; 1.000        ; 0.000      ; 5.000      ;
; -7.000 ; AyClkDiv:ayClkDiv|sum[1]  ; AyClkDiv:ayClkDiv|sum[4]  ; clk          ; clk         ; 1.000        ; 0.000      ; 5.000      ;
; -7.000 ; ViClkDiv:viClkDiv|div1[0] ; AyClkDiv:ayClkDiv|sum[4]  ; clk          ; clk         ; 1.000        ; 0.000      ; 5.000      ;
; -7.000 ; AyClkDiv:ayClkDiv|sum[5]  ; AyClkDiv:ayClkDiv|sum[5]  ; clk          ; clk         ; 1.000        ; 0.000      ; 5.000      ;
; -7.000 ; AyClkDiv:ayClkDiv|sum[1]  ; AyClkDiv:ayClkDiv|sum[5]  ; clk          ; clk         ; 1.000        ; 0.000      ; 5.000      ;
; -7.000 ; AyClkDiv:ayClkDiv|sum[3]  ; AyClkDiv:ayClkDiv|sum[5]  ; clk          ; clk         ; 1.000        ; 0.000      ; 5.000      ;
; -7.000 ; AyClkDiv:ayClkDiv|sum[2]  ; AyClkDiv:ayClkDiv|sum[5]  ; clk          ; clk         ; 1.000        ; 0.000      ; 5.000      ;
; -7.000 ; ViClkDiv:viClkDiv|div1[0] ; AyClkDiv:ayClkDiv|sum[5]  ; clk          ; clk         ; 1.000        ; 0.000      ; 5.000      ;
; -7.000 ; AyClkDiv:ayClkDiv|sum[4]  ; AyClkDiv:ayClkDiv|sum[5]  ; clk          ; clk         ; 1.000        ; 0.000      ; 5.000      ;
; -7.000 ; AyClkDiv:ayClkDiv|sum[4]  ; AyClkDiv:ayClkDiv|sum[6]  ; clk          ; clk         ; 1.000        ; 0.000      ; 5.000      ;
; -7.000 ; AyClkDiv:ayClkDiv|sum[6]  ; AyClkDiv:ayClkDiv|sum[6]  ; clk          ; clk         ; 1.000        ; 0.000      ; 5.000      ;
; -7.000 ; AyClkDiv:ayClkDiv|sum[1]  ; AyClkDiv:ayClkDiv|sum[6]  ; clk          ; clk         ; 1.000        ; 0.000      ; 5.000      ;
; -7.000 ; AyClkDiv:ayClkDiv|sum[3]  ; AyClkDiv:ayClkDiv|sum[6]  ; clk          ; clk         ; 1.000        ; 0.000      ; 5.000      ;
; -7.000 ; AyClkDiv:ayClkDiv|sum[2]  ; AyClkDiv:ayClkDiv|sum[6]  ; clk          ; clk         ; 1.000        ; 0.000      ; 5.000      ;
; -7.000 ; ViClkDiv:viClkDiv|div1[0] ; AyClkDiv:ayClkDiv|sum[6]  ; clk          ; clk         ; 1.000        ; 0.000      ; 5.000      ;
; -7.000 ; AyClkDiv:ayClkDiv|sum[5]  ; AyClkDiv:ayClkDiv|sum[6]  ; clk          ; clk         ; 1.000        ; 0.000      ; 5.000      ;
; -7.000 ; AyClkDiv:ayClkDiv|sum[6]  ; AyClkDiv:ayClkDiv|sum[7]  ; clk          ; clk         ; 1.000        ; 0.000      ; 5.000      ;
; -7.000 ; AyClkDiv:ayClkDiv|sum[4]  ; AyClkDiv:ayClkDiv|sum[7]  ; clk          ; clk         ; 1.000        ; 0.000      ; 5.000      ;
; -7.000 ; AyClkDiv:ayClkDiv|sum[7]  ; AyClkDiv:ayClkDiv|sum[7]  ; clk          ; clk         ; 1.000        ; 0.000      ; 5.000      ;
; -7.000 ; AyClkDiv:ayClkDiv|sum[1]  ; AyClkDiv:ayClkDiv|sum[7]  ; clk          ; clk         ; 1.000        ; 0.000      ; 5.000      ;
; -7.000 ; AyClkDiv:ayClkDiv|sum[3]  ; AyClkDiv:ayClkDiv|sum[7]  ; clk          ; clk         ; 1.000        ; 0.000      ; 5.000      ;
; -7.000 ; AyClkDiv:ayClkDiv|sum[2]  ; AyClkDiv:ayClkDiv|sum[7]  ; clk          ; clk         ; 1.000        ; 0.000      ; 5.000      ;
; -7.000 ; ViClkDiv:viClkDiv|div1[0] ; AyClkDiv:ayClkDiv|sum[7]  ; clk          ; clk         ; 1.000        ; 0.000      ; 5.000      ;
; -7.000 ; AyClkDiv:ayClkDiv|sum[5]  ; AyClkDiv:ayClkDiv|sum[7]  ; clk          ; clk         ; 1.000        ; 0.000      ; 5.000      ;
; -7.000 ; AyClkDiv:ayClkDiv|sum[7]  ; AyClkDiv:ayClkDiv|sum[8]  ; clk          ; clk         ; 1.000        ; 0.000      ; 5.000      ;
; -7.000 ; AyClkDiv:ayClkDiv|sum[6]  ; AyClkDiv:ayClkDiv|sum[8]  ; clk          ; clk         ; 1.000        ; 0.000      ; 5.000      ;
; -7.000 ; AyClkDiv:ayClkDiv|sum[8]  ; AyClkDiv:ayClkDiv|sum[8]  ; clk          ; clk         ; 1.000        ; 0.000      ; 5.000      ;
; -7.000 ; AyClkDiv:ayClkDiv|sum[1]  ; AyClkDiv:ayClkDiv|sum[8]  ; clk          ; clk         ; 1.000        ; 0.000      ; 5.000      ;
; -7.000 ; AyClkDiv:ayClkDiv|sum[5]  ; AyClkDiv:ayClkDiv|sum[8]  ; clk          ; clk         ; 1.000        ; 0.000      ; 5.000      ;
; -7.000 ; AyClkDiv:ayClkDiv|sum[4]  ; AyClkDiv:ayClkDiv|sum[8]  ; clk          ; clk         ; 1.000        ; 0.000      ; 5.000      ;
; -7.000 ; ViClkDiv:viClkDiv|div1[0] ; AyClkDiv:ayClkDiv|sum[8]  ; clk          ; clk         ; 1.000        ; 0.000      ; 5.000      ;
; -7.000 ; AyClkDiv:ayClkDiv|sum[3]  ; AyClkDiv:ayClkDiv|sum[8]  ; clk          ; clk         ; 1.000        ; 0.000      ; 5.000      ;
; -7.000 ; AyClkDiv:ayClkDiv|sum[2]  ; AyClkDiv:ayClkDiv|sum[8]  ; clk          ; clk         ; 1.000        ; 0.000      ; 5.000      ;
; -7.000 ; AyClkDiv:ayClkDiv|sum[6]  ; AyClkDiv:ayClkDiv|sum[9]  ; clk          ; clk         ; 1.000        ; 0.000      ; 5.000      ;
; -7.000 ; AyClkDiv:ayClkDiv|sum[3]  ; AyClkDiv:ayClkDiv|sum[9]  ; clk          ; clk         ; 1.000        ; 0.000      ; 5.000      ;
; -7.000 ; AyClkDiv:ayClkDiv|sum[2]  ; AyClkDiv:ayClkDiv|sum[9]  ; clk          ; clk         ; 1.000        ; 0.000      ; 5.000      ;
; -7.000 ; ViClkDiv:viClkDiv|div1[0] ; AyClkDiv:ayClkDiv|sum[9]  ; clk          ; clk         ; 1.000        ; 0.000      ; 5.000      ;
; -7.000 ; AyClkDiv:ayClkDiv|sum[9]  ; AyClkDiv:ayClkDiv|sum[9]  ; clk          ; clk         ; 1.000        ; 0.000      ; 5.000      ;
; -7.000 ; AyClkDiv:ayClkDiv|sum[5]  ; AyClkDiv:ayClkDiv|sum[9]  ; clk          ; clk         ; 1.000        ; 0.000      ; 5.000      ;
; -7.000 ; AyClkDiv:ayClkDiv|sum[4]  ; AyClkDiv:ayClkDiv|sum[9]  ; clk          ; clk         ; 1.000        ; 0.000      ; 5.000      ;
; -7.000 ; AyClkDiv:ayClkDiv|sum[1]  ; AyClkDiv:ayClkDiv|sum[9]  ; clk          ; clk         ; 1.000        ; 0.000      ; 5.000      ;
+--------+---------------------------+---------------------------+--------------+-------------+--------------+------------+------------+


+-------------------------------------------------------------------------------------------------------------------------------------+
; Hold: 'clk'                                                                                                                         ;
+-------+---------------------------+---------------------------+--------------+-------------+--------------+------------+------------+
; Slack ; From Node                 ; To Node                   ; Launch Clock ; Latch Clock ; Relationship ; Clock Skew ; Data Delay ;
+-------+---------------------------+---------------------------+--------------+-------------+--------------+------------+------------+
; 3.000 ; ViClkDiv:viClkDiv|div1[0] ; ViClkDiv:viClkDiv|div1[0] ; clk          ; clk         ; 0.000        ; 0.000      ; 5.000      ;
; 3.000 ; ViClkDiv:viClkDiv|div1[1] ; ViClkDiv:viClkDiv|div1[1] ; clk          ; clk         ; 0.000        ; 0.000      ; 5.000      ;
; 3.000 ; ViClkDiv:viClkDiv|div1[0] ; ViClkDiv:viClkDiv|div1[1] ; clk          ; clk         ; 0.000        ; 0.000      ; 5.000      ;
; 3.000 ; AyClkDiv:ayClkDiv|sum[1]  ; AyClkDiv:ayClkDiv|sum[1]  ; clk          ; clk         ; 0.000        ; 0.000      ; 5.000      ;
; 3.000 ; ViClkDiv:viClkDiv|div1[0] ; AyClkDiv:ayClkDiv|sum[1]  ; clk          ; clk         ; 0.000        ; 0.000      ; 5.000      ;
; 3.000 ; AyClkDiv:ayClkDiv|sum[2]  ; AyClkDiv:ayClkDiv|sum[2]  ; clk          ; clk         ; 0.000        ; 0.000      ; 5.000      ;
; 3.000 ; AyClkDiv:ayClkDiv|sum[1]  ; AyClkDiv:ayClkDiv|sum[2]  ; clk          ; clk         ; 0.000        ; 0.000      ; 5.000      ;
; 3.000 ; ViClkDiv:viClkDiv|div1[0] ; AyClkDiv:ayClkDiv|sum[2]  ; clk          ; clk         ; 0.000        ; 0.000      ; 5.000      ;
; 3.000 ; AyClkDiv:ayClkDiv|sum[3]  ; AyClkDiv:ayClkDiv|sum[3]  ; clk          ; clk         ; 0.000        ; 0.000      ; 5.000      ;
; 3.000 ; AyClkDiv:ayClkDiv|sum[2]  ; AyClkDiv:ayClkDiv|sum[3]  ; clk          ; clk         ; 0.000        ; 0.000      ; 5.000      ;
; 3.000 ; AyClkDiv:ayClkDiv|sum[1]  ; AyClkDiv:ayClkDiv|sum[3]  ; clk          ; clk         ; 0.000        ; 0.000      ; 5.000      ;
; 3.000 ; ViClkDiv:viClkDiv|div1[0] ; AyClkDiv:ayClkDiv|sum[3]  ; clk          ; clk         ; 0.000        ; 0.000      ; 5.000      ;
; 3.000 ; AyClkDiv:ayClkDiv|sum[4]  ; AyClkDiv:ayClkDiv|sum[4]  ; clk          ; clk         ; 0.000        ; 0.000      ; 5.000      ;
; 3.000 ; AyClkDiv:ayClkDiv|sum[3]  ; AyClkDiv:ayClkDiv|sum[4]  ; clk          ; clk         ; 0.000        ; 0.000      ; 5.000      ;
; 3.000 ; AyClkDiv:ayClkDiv|sum[2]  ; AyClkDiv:ayClkDiv|sum[4]  ; clk          ; clk         ; 0.000        ; 0.000      ; 5.000      ;
; 3.000 ; AyClkDiv:ayClkDiv|sum[1]  ; AyClkDiv:ayClkDiv|sum[4]  ; clk          ; clk         ; 0.000        ; 0.000      ; 5.000      ;
; 3.000 ; ViClkDiv:viClkDiv|div1[0] ; AyClkDiv:ayClkDiv|sum[4]  ; clk          ; clk         ; 0.000        ; 0.000      ; 5.000      ;
; 3.000 ; AyClkDiv:ayClkDiv|sum[5]  ; AyClkDiv:ayClkDiv|sum[5]  ; clk          ; clk         ; 0.000        ; 0.000      ; 5.000      ;
; 3.000 ; AyClkDiv:ayClkDiv|sum[1]  ; AyClkDiv:ayClkDiv|sum[5]  ; clk          ; clk         ; 0.000        ; 0.000      ; 5.000      ;
; 3.000 ; AyClkDiv:ayClkDiv|sum[3]  ; AyClkDiv:ayClkDiv|sum[5]  ; clk          ; clk         ; 0.000        ; 0.000      ; 5.000      ;
; 3.000 ; AyClkDiv:ayClkDiv|sum[2]  ; AyClkDiv:ayClkDiv|sum[5]  ; clk          ; clk         ; 0.000        ; 0.000      ; 5.000      ;
; 3.000 ; ViClkDiv:viClkDiv|div1[0] ; AyClkDiv:ayClkDiv|sum[5]  ; clk          ; clk         ; 0.000        ; 0.000      ; 5.000      ;
; 3.000 ; AyClkDiv:ayClkDiv|sum[4]  ; AyClkDiv:ayClkDiv|sum[5]  ; clk          ; clk         ; 0.000        ; 0.000      ; 5.000      ;
; 3.000 ; AyClkDiv:ayClkDiv|sum[4]  ; AyClkDiv:ayClkDiv|sum[6]  ; clk          ; clk         ; 0.000        ; 0.000      ; 5.000      ;
; 3.000 ; AyClkDiv:ayClkDiv|sum[6]  ; AyClkDiv:ayClkDiv|sum[6]  ; clk          ; clk         ; 0.000        ; 0.000      ; 5.000      ;
; 3.000 ; AyClkDiv:ayClkDiv|sum[1]  ; AyClkDiv:ayClkDiv|sum[6]  ; clk          ; clk         ; 0.000        ; 0.000      ; 5.000      ;
; 3.000 ; AyClkDiv:ayClkDiv|sum[3]  ; AyClkDiv:ayClkDiv|sum[6]  ; clk          ; clk         ; 0.000        ; 0.000      ; 5.000      ;
; 3.000 ; AyClkDiv:ayClkDiv|sum[2]  ; AyClkDiv:ayClkDiv|sum[6]  ; clk          ; clk         ; 0.000        ; 0.000      ; 5.000      ;
; 3.000 ; ViClkDiv:viClkDiv|div1[0] ; AyClkDiv:ayClkDiv|sum[6]  ; clk          ; clk         ; 0.000        ; 0.000      ; 5.000      ;
; 3.000 ; AyClkDiv:ayClkDiv|sum[5]  ; AyClkDiv:ayClkDiv|sum[6]  ; clk          ; clk         ; 0.000        ; 0.000      ; 5.000      ;
; 3.000 ; AyClkDiv:ayClkDiv|sum[6]  ; AyClkDiv:ayClkDiv|sum[7]  ; clk          ; clk         ; 0.000        ; 0.000      ; 5.000      ;
; 3.000 ; AyClkDiv:ayClkDiv|sum[4]  ; AyClkDiv:ayClkDiv|sum[7]  ; clk          ; clk         ; 0.000        ; 0.000      ; 5.000      ;
; 3.000 ; AyClkDiv:ayClkDiv|sum[7]  ; AyClkDiv:ayClkDiv|sum[7]  ; clk          ; clk         ; 0.000        ; 0.000      ; 5.000      ;
; 3.000 ; AyClkDiv:ayClkDiv|sum[1]  ; AyClkDiv:ayClkDiv|sum[7]  ; clk          ; clk         ; 0.000        ; 0.000      ; 5.000      ;
; 3.000 ; AyClkDiv:ayClkDiv|sum[3]  ; AyClkDiv:ayClkDiv|sum[7]  ; clk          ; clk         ; 0.000        ; 0.000      ; 5.000      ;
; 3.000 ; AyClkDiv:ayClkDiv|sum[2]  ; AyClkDiv:ayClkDiv|sum[7]  ; clk          ; clk         ; 0.000        ; 0.000      ; 5.000      ;
; 3.000 ; ViClkDiv:viClkDiv|div1[0] ; AyClkDiv:ayClkDiv|sum[7]  ; clk          ; clk         ; 0.000        ; 0.000      ; 5.000      ;
; 3.000 ; AyClkDiv:ayClkDiv|sum[5]  ; AyClkDiv:ayClkDiv|sum[7]  ; clk          ; clk         ; 0.000        ; 0.000      ; 5.000      ;
; 3.000 ; AyClkDiv:ayClkDiv|sum[7]  ; AyClkDiv:ayClkDiv|sum[8]  ; clk          ; clk         ; 0.000        ; 0.000      ; 5.000      ;
; 3.000 ; AyClkDiv:ayClkDiv|sum[6]  ; AyClkDiv:ayClkDiv|sum[8]  ; clk          ; clk         ; 0.000        ; 0.000      ; 5.000      ;
; 3.000 ; AyClkDiv:ayClkDiv|sum[8]  ; AyClkDiv:ayClkDiv|sum[8]  ; clk          ; clk         ; 0.000        ; 0.000      ; 5.000      ;
; 3.000 ; AyClkDiv:ayClkDiv|sum[1]  ; AyClkDiv:ayClkDiv|sum[8]  ; clk          ; clk         ; 0.000        ; 0.000      ; 5.000      ;
; 3.000 ; AyClkDiv:ayClkDiv|sum[5]  ; AyClkDiv:ayClkDiv|sum[8]  ; clk          ; clk         ; 0.000        ; 0.000      ; 5.000      ;
; 3.000 ; AyClkDiv:ayClkDiv|sum[4]  ; AyClkDiv:ayClkDiv|sum[8]  ; clk          ; clk         ; 0.000        ; 0.000      ; 5.000      ;
; 3.000 ; ViClkDiv:viClkDiv|div1[0] ; AyClkDiv:ayClkDiv|sum[8]  ; clk          ; clk         ; 0.000        ; 0.000      ; 5.000      ;
; 3.000 ; AyClkDiv:ayClkDiv|sum[3]  ; AyClkDiv:ayClkDiv|sum[8]  ; clk          ; clk         ; 0.000        ; 0.000      ; 5.000      ;
; 3.000 ; AyClkDiv:ayClkDiv|sum[2]  ; AyClkDiv:ayClkDiv|sum[8]  ; clk          ; clk         ; 0.000        ; 0.000      ; 5.000      ;
; 3.000 ; AyClkDiv:ayClkDiv|sum[8]  ; AyClkDiv:ayClkDiv|sum[9]  ; clk          ; clk         ; 0.000        ; 0.000      ; 5.000      ;
; 3.000 ; AyClkDiv:ayClkDiv|sum[6]  ; AyClkDiv:ayClkDiv|sum[9]  ; clk          ; clk         ; 0.000        ; 0.000      ; 5.000      ;
; 3.000 ; AyClkDiv:ayClkDiv|sum[3]  ; AyClkDiv:ayClkDiv|sum[9]  ; clk          ; clk         ; 0.000        ; 0.000      ; 5.000      ;
; 3.000 ; AyClkDiv:ayClkDiv|sum[2]  ; AyClkDiv:ayClkDiv|sum[9]  ; clk          ; clk         ; 0.000        ; 0.000      ; 5.000      ;
; 3.000 ; ViClkDiv:viClkDiv|div1[0] ; AyClkDiv:ayClkDiv|sum[9]  ; clk          ; clk         ; 0.000        ; 0.000      ; 5.000      ;
; 3.000 ; AyClkDiv:ayClkDiv|sum[9]  ; AyClkDiv:ayClkDiv|sum[9]  ; clk          ; clk         ; 0.000        ; 0.000      ; 5.000      ;
; 3.000 ; AyClkDiv:ayClkDiv|sum[5]  ; AyClkDiv:ayClkDiv|sum[9]  ; clk          ; clk         ; 0.000        ; 0.000      ; 5.000      ;
; 3.000 ; AyClkDiv:ayClkDiv|sum[4]  ; AyClkDiv:ayClkDiv|sum[9]  ; clk          ; clk         ; 0.000        ; 0.000      ; 5.000      ;
; 3.000 ; AyClkDiv:ayClkDiv|sum[1]  ; AyClkDiv:ayClkDiv|sum[9]  ; clk          ; clk         ; 0.000        ; 0.000      ; 5.000      ;
; 3.800 ; AyClkDiv:ayClkDiv|sum[7]  ; AyClkDiv:ayClkDiv|sum[9]  ; clk          ; clk         ; 0.000        ; 0.000      ; 5.800      ;
+-------+---------------------------+---------------------------+--------------+-------------+--------------+------------+------------+


+------------------------------------------------------------------------------------------------------------+
; Minimum Pulse Width: 'clk'                                                                                 ;
+--------+--------------+----------------+------------------+-------+------------+---------------------------+
; Slack  ; Actual Width ; Required Width ; Type             ; Clock ; Clock Edge ; Target                    ;
+--------+--------------+----------------+------------------+-------+------------+---------------------------+
; -2.500 ; 0.500        ; 3.000          ; High Pulse Width ; clk   ; Rise       ; AyClkDiv:ayClkDiv|sum[1]  ;
; -2.500 ; 0.500        ; 3.000          ; Low Pulse Width  ; clk   ; Rise       ; AyClkDiv:ayClkDiv|sum[1]  ;
; -2.500 ; 0.500        ; 3.000          ; High Pulse Width ; clk   ; Rise       ; AyClkDiv:ayClkDiv|sum[2]  ;
; -2.500 ; 0.500        ; 3.000          ; Low Pulse Width  ; clk   ; Rise       ; AyClkDiv:ayClkDiv|sum[2]  ;
; -2.500 ; 0.500        ; 3.000          ; High Pulse Width ; clk   ; Rise       ; AyClkDiv:ayClkDiv|sum[3]  ;
; -2.500 ; 0.500        ; 3.000          ; Low Pulse Width  ; clk   ; Rise       ; AyClkDiv:ayClkDiv|sum[3]  ;
; -2.500 ; 0.500        ; 3.000          ; High Pulse Width ; clk   ; Rise       ; AyClkDiv:ayClkDiv|sum[4]  ;
; -2.500 ; 0.500        ; 3.000          ; Low Pulse Width  ; clk   ; Rise       ; AyClkDiv:ayClkDiv|sum[4]  ;
; -2.500 ; 0.500        ; 3.000          ; High Pulse Width ; clk   ; Rise       ; AyClkDiv:ayClkDiv|sum[5]  ;
; -2.500 ; 0.500        ; 3.000          ; Low Pulse Width  ; clk   ; Rise       ; AyClkDiv:ayClkDiv|sum[5]  ;
; -2.500 ; 0.500        ; 3.000          ; High Pulse Width ; clk   ; Rise       ; AyClkDiv:ayClkDiv|sum[6]  ;
; -2.500 ; 0.500        ; 3.000          ; Low Pulse Width  ; clk   ; Rise       ; AyClkDiv:ayClkDiv|sum[6]  ;
; -2.500 ; 0.500        ; 3.000          ; High Pulse Width ; clk   ; Rise       ; AyClkDiv:ayClkDiv|sum[7]  ;
; -2.500 ; 0.500        ; 3.000          ; Low Pulse Width  ; clk   ; Rise       ; AyClkDiv:ayClkDiv|sum[7]  ;
; -2.500 ; 0.500        ; 3.000          ; High Pulse Width ; clk   ; Rise       ; AyClkDiv:ayClkDiv|sum[8]  ;
; -2.500 ; 0.500        ; 3.000          ; Low Pulse Width  ; clk   ; Rise       ; AyClkDiv:ayClkDiv|sum[8]  ;
; -2.500 ; 0.500        ; 3.000          ; High Pulse Width ; clk   ; Rise       ; AyClkDiv:ayClkDiv|sum[9]  ;
; -2.500 ; 0.500        ; 3.000          ; Low Pulse Width  ; clk   ; Rise       ; AyClkDiv:ayClkDiv|sum[9]  ;
; -2.500 ; 0.500        ; 3.000          ; High Pulse Width ; clk   ; Rise       ; ViClkDiv:viClkDiv|div1[0] ;
; -2.500 ; 0.500        ; 3.000          ; Low Pulse Width  ; clk   ; Rise       ; ViClkDiv:viClkDiv|div1[0] ;
; -2.500 ; 0.500        ; 3.000          ; High Pulse Width ; clk   ; Rise       ; ViClkDiv:viClkDiv|div1[1] ;
; -2.500 ; 0.500        ; 3.000          ; Low Pulse Width  ; clk   ; Rise       ; ViClkDiv:viClkDiv|div1[1] ;
; 0.500  ; 0.500        ; 0.000          ; High Pulse Width ; clk   ; Rise       ; ayClkDiv|sum[1]|clk       ;
; 0.500  ; 0.500        ; 0.000          ; Low Pulse Width  ; clk   ; Rise       ; ayClkDiv|sum[1]|clk       ;
; 0.500  ; 0.500        ; 0.000          ; High Pulse Width ; clk   ; Rise       ; ayClkDiv|sum[2]|clk       ;
; 0.500  ; 0.500        ; 0.000          ; Low Pulse Width  ; clk   ; Rise       ; ayClkDiv|sum[2]|clk       ;
; 0.500  ; 0.500        ; 0.000          ; High Pulse Width ; clk   ; Rise       ; ayClkDiv|sum[3]|clk       ;
; 0.500  ; 0.500        ; 0.000          ; Low Pulse Width  ; clk   ; Rise       ; ayClkDiv|sum[3]|clk       ;
; 0.500  ; 0.500        ; 0.000          ; High Pulse Width ; clk   ; Rise       ; ayClkDiv|sum[4]|clk       ;
; 0.500  ; 0.500        ; 0.000          ; Low Pulse Width  ; clk   ; Rise       ; ayClkDiv|sum[4]|clk       ;
; 0.500  ; 0.500        ; 0.000          ; High Pulse Width ; clk   ; Rise       ; ayClkDiv|sum[5]|clk       ;
; 0.500  ; 0.500        ; 0.000          ; Low Pulse Width  ; clk   ; Rise       ; ayClkDiv|sum[5]|clk       ;
; 0.500  ; 0.500        ; 0.000          ; High Pulse Width ; clk   ; Rise       ; ayClkDiv|sum[6]|clk       ;
; 0.500  ; 0.500        ; 0.000          ; Low Pulse Width  ; clk   ; Rise       ; ayClkDiv|sum[6]|clk       ;
; 0.500  ; 0.500        ; 0.000          ; High Pulse Width ; clk   ; Rise       ; ayClkDiv|sum[7]|clk       ;
; 0.500  ; 0.500        ; 0.000          ; Low Pulse Width  ; clk   ; Rise       ; ayClkDiv|sum[7]|clk       ;
; 0.500  ; 0.500        ; 0.000          ; High Pulse Width ; clk   ; Rise       ; ayClkDiv|sum[8]|clk       ;
; 0.500  ; 0.500        ; 0.000          ; Low Pulse Width  ; clk   ; Rise       ; ayClkDiv|sum[8]|clk       ;
; 0.500  ; 0.500        ; 0.000          ; High Pulse Width ; clk   ; Rise       ; ayClkDiv|sum[9]|clk       ;
; 0.500  ; 0.500        ; 0.000          ; Low Pulse Width  ; clk   ; Rise       ; ayClkDiv|sum[9]|clk       ;
; 0.500  ; 0.500        ; 0.000          ; High Pulse Width ; clk   ; Rise       ; clk|dataout               ;
; 0.500  ; 0.500        ; 0.000          ; Low Pulse Width  ; clk   ; Rise       ; clk|dataout               ;
; 0.500  ; 0.500        ; 0.000          ; High Pulse Width ; clk   ; Rise       ; viClkDiv|div1[0]|clk      ;
; 0.500  ; 0.500        ; 0.000          ; Low Pulse Width  ; clk   ; Rise       ; viClkDiv|div1[0]|clk      ;
; 0.500  ; 0.500        ; 0.000          ; High Pulse Width ; clk   ; Rise       ; viClkDiv|div1[1]|clk      ;
; 0.500  ; 0.500        ; 0.000          ; Low Pulse Width  ; clk   ; Rise       ; viClkDiv|div1[1]|clk      ;
+--------+--------------+----------------+------------------+-------+------------+---------------------------+


+-----------------------------------------------------------------------+
; Clock to Output Times                                                 ;
+-----------+------------+-------+-------+------------+-----------------+
; Data Port ; Clock Port ; Rise  ; Fall  ; Clock Edge ; Clock Reference ;
+-----------+------------+-------+-------+------------+-----------------+
; clk1      ; clk        ; 4.500 ; 4.500 ; Rise       ; clk             ;
; clk2      ; clk        ; 4.500 ; 4.500 ; Rise       ; clk             ;
; debug     ; clk        ; 9.500 ; 9.500 ; Rise       ; clk             ;
+-----------+------------+-------+-------+------------+-----------------+


+-----------------------------------------------------------------------+
; Minimum Clock to Output Times                                         ;
+-----------+------------+-------+-------+------------+-----------------+
; Data Port ; Clock Port ; Rise  ; Fall  ; Clock Edge ; Clock Reference ;
+-----------+------------+-------+-------+------------+-----------------+
; clk1      ; clk        ; 4.500 ; 4.500 ; Rise       ; clk             ;
; clk2      ; clk        ; 4.500 ; 4.500 ; Rise       ; clk             ;
; debug     ; clk        ; 9.500 ; 9.500 ; Rise       ; clk             ;
+-----------+------------+-------+-------+------------+-----------------+


+----------------------------------------------------------+
; Propagation Delay                                        ;
+------------+-------------+-------+-------+-------+-------+
; Input Port ; Output Port ; RR    ; RF    ; FR    ; FF    ;
+------------+-------------+-------+-------+-------+-------+
; a[0]       ; bc1         ; 7.500 ;       ;       ; 7.500 ;
; a[0]       ; bdir        ; 7.500 ;       ;       ; 7.500 ;
; a[1]       ; bc1         ;       ; 7.500 ; 7.500 ;       ;
; a[1]       ; bdir        ;       ; 7.500 ; 7.500 ;       ;
; a[2]       ; bc1         ; 7.500 ;       ;       ; 7.500 ;
; a[2]       ; bdir        ; 7.500 ;       ;       ; 7.500 ;
; a[2]       ; cs_vi_n     ;       ; 7.500 ; 7.500 ;       ;
; a[2]       ; cs_vv1_n    ;       ; 7.500 ; 7.500 ;       ;
; a[2]       ; cs_vv2_n    ; 7.500 ;       ;       ; 7.500 ;
; a[3]       ; bc1         ; 7.500 ;       ;       ; 7.500 ;
; a[3]       ; bdir        ; 7.500 ;       ;       ; 7.500 ;
; a[3]       ; cs_vi_n     ; 7.500 ;       ;       ; 7.500 ;
; a[3]       ; cs_vv1_n    ;       ; 7.500 ; 7.500 ;       ;
; a[3]       ; cs_vv2_n    ;       ; 7.500 ; 7.500 ;       ;
; a[4]       ; bc1         ; 7.500 ;       ;       ; 7.500 ;
; a[4]       ; bdir        ; 7.500 ;       ;       ; 7.500 ;
; a[4]       ; cs_vi_n     ; 7.500 ;       ;       ; 7.500 ;
; a[4]       ; cs_vv1_n    ; 7.500 ;       ;       ; 7.500 ;
; a[4]       ; cs_vv2_n    ; 7.500 ;       ;       ; 7.500 ;
; a[5]       ; bc1         ; 7.500 ;       ;       ; 7.500 ;
; a[5]       ; bdir        ; 7.500 ;       ;       ; 7.500 ;
; a[5]       ; cs_vi_n     ; 7.500 ;       ;       ; 7.500 ;
; a[5]       ; cs_vv1_n    ; 7.500 ;       ;       ; 7.500 ;
; a[5]       ; cs_vv2_n    ; 7.500 ;       ;       ; 7.500 ;
; a[6]       ; bc1         ; 7.500 ; 7.500 ; 7.500 ; 7.500 ;
; a[6]       ; bdir        ; 7.500 ; 7.500 ; 7.500 ; 7.500 ;
; a[6]       ; cs_vi_n     ;       ; 7.500 ; 7.500 ;       ;
; a[6]       ; cs_vv1_n    ;       ; 7.500 ; 7.500 ;       ;
; a[6]       ; cs_vv2_n    ;       ; 7.500 ; 7.500 ;       ;
; a[7]       ; bc1         ; 7.500 ; 7.500 ; 7.500 ; 7.500 ;
; a[7]       ; bdir        ; 7.500 ; 7.500 ; 7.500 ; 7.500 ;
; a[7]       ; cs_vi_n     ;       ; 7.500 ; 7.500 ;       ;
; a[7]       ; cs_vv1_n    ;       ; 7.500 ; 7.500 ;       ;
; a[7]       ; cs_vv2_n    ;       ; 7.500 ; 7.500 ;       ;
; a[8]       ; bc1         ; 7.500 ;       ;       ; 7.500 ;
; a[9]       ; bc1         ; 7.500 ;       ;       ; 7.500 ;
; a[9]       ; bdir        ; 7.500 ;       ;       ; 7.500 ;
; iorq_n     ; bc1         ;       ; 7.500 ; 7.500 ;       ;
; iorq_n     ; bdir        ;       ; 7.500 ; 7.500 ;       ;
; iorq_n     ; cs_vi_n     ;       ; 7.500 ; 7.500 ;       ;
; iorq_n     ; cs_vv1_n    ;       ; 7.500 ; 7.500 ;       ;
; iorq_n     ; cs_vv2_n    ;       ; 7.500 ; 7.500 ;       ;
; m1_n       ; bc1         ; 7.500 ;       ;       ; 7.500 ;
; m1_n       ; bdir        ; 7.500 ;       ;       ; 7.500 ;
; rd_n       ; bc1         ;       ; 7.500 ; 7.500 ;       ;
; rdy1       ; irq3        ;       ; 7.500 ; 7.500 ;       ;
; rdy2       ; irq4        ;       ; 7.500 ; 7.500 ;       ;
; reset_n    ; reset       ;       ; 7.500 ; 7.500 ;       ;
; wait_n     ; w1          ;       ; 7.500 ; 7.500 ;       ;
; wr_n       ; bc1         ;       ; 7.500 ; 7.500 ;       ;
; wr_n       ; bdir        ;       ; 7.500 ; 7.500 ;       ;
; wr_n       ; w1          ;       ; 7.500 ; 7.500 ;       ;
+------------+-------------+-------+-------+-------+-------+


+----------------------------------------------------------+
; Minimum Propagation Delay                                ;
+------------+-------------+-------+-------+-------+-------+
; Input Port ; Output Port ; RR    ; RF    ; FR    ; FF    ;
+------------+-------------+-------+-------+-------+-------+
; a[0]       ; bc1         ; 7.500 ;       ;       ; 7.500 ;
; a[0]       ; bdir        ; 7.500 ;       ;       ; 7.500 ;
; a[1]       ; bc1         ;       ; 7.500 ; 7.500 ;       ;
; a[1]       ; bdir        ;       ; 7.500 ; 7.500 ;       ;
; a[2]       ; bc1         ; 7.500 ;       ;       ; 7.500 ;
; a[2]       ; bdir        ; 7.500 ;       ;       ; 7.500 ;
; a[2]       ; cs_vi_n     ;       ; 7.500 ; 7.500 ;       ;
; a[2]       ; cs_vv1_n    ;       ; 7.500 ; 7.500 ;       ;
; a[2]       ; cs_vv2_n    ; 7.500 ;       ;       ; 7.500 ;
; a[3]       ; bc1         ; 7.500 ;       ;       ; 7.500 ;
; a[3]       ; bdir        ; 7.500 ;       ;       ; 7.500 ;
; a[3]       ; cs_vi_n     ; 7.500 ;       ;       ; 7.500 ;
; a[3]       ; cs_vv1_n    ;       ; 7.500 ; 7.500 ;       ;
; a[3]       ; cs_vv2_n    ;       ; 7.500 ; 7.500 ;       ;
; a[4]       ; bc1         ; 7.500 ;       ;       ; 7.500 ;
; a[4]       ; bdir        ; 7.500 ;       ;       ; 7.500 ;
; a[4]       ; cs_vi_n     ; 7.500 ;       ;       ; 7.500 ;
; a[4]       ; cs_vv1_n    ; 7.500 ;       ;       ; 7.500 ;
; a[4]       ; cs_vv2_n    ; 7.500 ;       ;       ; 7.500 ;
; a[5]       ; bc1         ; 7.500 ;       ;       ; 7.500 ;
; a[5]       ; bdir        ; 7.500 ;       ;       ; 7.500 ;
; a[5]       ; cs_vi_n     ; 7.500 ;       ;       ; 7.500 ;
; a[5]       ; cs_vv1_n    ; 7.500 ;       ;       ; 7.500 ;
; a[5]       ; cs_vv2_n    ; 7.500 ;       ;       ; 7.500 ;
; a[6]       ; bc1         ; 7.500 ; 7.500 ; 7.500 ; 7.500 ;
; a[6]       ; bdir        ; 7.500 ; 7.500 ; 7.500 ; 7.500 ;
; a[6]       ; cs_vi_n     ;       ; 7.500 ; 7.500 ;       ;
; a[6]       ; cs_vv1_n    ;       ; 7.500 ; 7.500 ;       ;
; a[6]       ; cs_vv2_n    ;       ; 7.500 ; 7.500 ;       ;
; a[7]       ; bc1         ; 7.500 ; 7.500 ; 7.500 ; 7.500 ;
; a[7]       ; bdir        ; 7.500 ; 7.500 ; 7.500 ; 7.500 ;
; a[7]       ; cs_vi_n     ;       ; 7.500 ; 7.500 ;       ;
; a[7]       ; cs_vv1_n    ;       ; 7.500 ; 7.500 ;       ;
; a[7]       ; cs_vv2_n    ;       ; 7.500 ; 7.500 ;       ;
; a[8]       ; bc1         ; 7.500 ;       ;       ; 7.500 ;
; a[9]       ; bc1         ; 7.500 ;       ;       ; 7.500 ;
; a[9]       ; bdir        ; 7.500 ;       ;       ; 7.500 ;
; iorq_n     ; bc1         ;       ; 7.500 ; 7.500 ;       ;
; iorq_n     ; bdir        ;       ; 7.500 ; 7.500 ;       ;
; iorq_n     ; cs_vi_n     ;       ; 7.500 ; 7.500 ;       ;
; iorq_n     ; cs_vv1_n    ;       ; 7.500 ; 7.500 ;       ;
; iorq_n     ; cs_vv2_n    ;       ; 7.500 ; 7.500 ;       ;
; m1_n       ; bc1         ; 7.500 ;       ;       ; 7.500 ;
; m1_n       ; bdir        ; 7.500 ;       ;       ; 7.500 ;
; rd_n       ; bc1         ;       ; 7.500 ; 7.500 ;       ;
; rdy1       ; irq3        ;       ; 7.500 ; 7.500 ;       ;
; rdy2       ; irq4        ;       ; 7.500 ; 7.500 ;       ;
; reset_n    ; reset       ;       ; 7.500 ; 7.500 ;       ;
; wait_n     ; w1          ;       ; 7.500 ; 7.500 ;       ;
; wr_n       ; bc1         ;       ; 7.500 ; 7.500 ;       ;
; wr_n       ; bdir        ;       ; 7.500 ; 7.500 ;       ;
; wr_n       ; w1          ;       ; 7.500 ; 7.500 ;       ;
+------------+-------------+-------+-------+-------+-------+


+-------------------------------------------------------------------+
; Setup Transfers                                                   ;
+------------+----------+----------+----------+----------+----------+
; From Clock ; To Clock ; RR Paths ; FR Paths ; RF Paths ; FF Paths ;
+------------+----------+----------+----------+----------+----------+
; clk        ; clk      ; 85       ; 0        ; 0        ; 0        ;
+------------+----------+----------+----------+----------+----------+
Entries labeled "false path" only account for clock-to-clock false paths and not path-based false paths. As a result, actual path counts may be lower than reported.


+-------------------------------------------------------------------+
; Hold Transfers                                                    ;
+------------+----------+----------+----------+----------+----------+
; From Clock ; To Clock ; RR Paths ; FR Paths ; RF Paths ; FF Paths ;
+------------+----------+----------+----------+----------+----------+
; clk        ; clk      ; 85       ; 0        ; 0        ; 0        ;
+------------+----------+----------+----------+----------+----------+
Entries labeled "false path" only account for clock-to-clock false paths and not path-based false paths. As a result, actual path counts may be lower than reported.


---------------
; Report TCCS ;
---------------
No dedicated SERDES Transmitter circuitry present in device or used in design


---------------
; Report RSKM ;
---------------
No dedicated SERDES Receiver circuitry present in device or used in design


+------------------------------------------------+
; Unconstrained Paths                            ;
+---------------------------------+-------+------+
; Property                        ; Setup ; Hold ;
+---------------------------------+-------+------+
; Illegal Clocks                  ; 0     ; 0    ;
; Unconstrained Clocks            ; 0     ; 0    ;
; Unconstrained Input Ports       ; 18    ; 18   ;
; Unconstrained Input Port Paths  ; 63    ; 63   ;
; Unconstrained Output Ports      ; 12    ; 12   ;
; Unconstrained Output Port Paths ; 55    ; 55   ;
+---------------------------------+-------+------+


+------------------------------------+
; TimeQuest Timing Analyzer Messages ;
+------------------------------------+
Info: *******************************************************************
Info: Running Quartus II 32-bit TimeQuest Timing Analyzer
    Info: Version 13.0.1 Build 232 06/12/2013 Service Pack 1 SJ Web Edition
    Info: Processing started: Fri Feb  5 16:21:31 2021
Info: Command: quartus_sta OrionCOM-AY -c OrionCOM-AY
Info: qsta_default_script.tcl version: #1
Warning (20028): Parallel compilation is not licensed and has been disabled
Info (306004): Started post-fitting delay annotation
Info (306005): Delay annotation completed successfully
Warning (335095): TimeQuest Timing Analyzer does not support the analysis of latches as synchronous elements for the currently selected device family.
Critical Warning (332012): Synopsys Design Constraints File file not found: 'OrionCOM-AY.sdc'. A Synopsys Design Constraints File is required by the TimeQuest Timing Analyzer to get proper timing constraints. Without it, the Compiler will not properly optimize the design.
Info (332142): No user constrained base clocks found in the design. Calling "derive_clocks -period 1.0"
Info (332105): Deriving Clocks
    Info (332105): create_clock -period 1.000 -name clk clk
Info: Found TIMEQUEST_REPORT_SCRIPT_INCLUDE_DEFAULT_ANALYSIS = ON
Critical Warning (332148): Timing requirements not met
Info (332146): Worst-case setup slack is -7.800
    Info (332119):     Slack End Point TNS Clock 
    Info (332119): ========= ============= =====================
    Info (332119):    -7.800       -77.800 clk 
Info (332146): Worst-case hold slack is 3.000
    Info (332119):     Slack End Point TNS Clock 
    Info (332119): ========= ============= =====================
    Info (332119):     3.000         0.000 clk 
Info (332140): No Recovery paths to report
Info (332140): No Removal paths to report
Info (332146): Worst-case minimum pulse width slack is -2.500
    Info (332119):     Slack End Point TNS Clock 
    Info (332119): ========= ============= =====================
    Info (332119):    -2.500       -55.000 clk 
Info (332001): The selected device family is not supported by the report_metastability command.
Info (332102): Design is not fully constrained for setup requirements
Info (332102): Design is not fully constrained for hold requirements
Info: Quartus II 32-bit TimeQuest Timing Analyzer was successful. 0 errors, 4 warnings
    Info: Peak virtual memory: 285 megabytes
    Info: Processing ended: Fri Feb  5 16:21:32 2021
    Info: Elapsed time: 00:00:01
    Info: Total CPU time (on all processors): 00:00:01


